Archive member included because of file (symbol)

c:/program files (x86)/yagarto/bin/../lib/gcc/arm-none-eabi/4.6.2\libgcc.a(_udivsi3.o)
                              PWMGenerator.o (__aeabi_uidiv)
c:/program files (x86)/yagarto/bin/../lib/gcc/arm-none-eabi/4.6.2\libgcc.a(_dvmd_tls.o)
                              c:/program files (x86)/yagarto/bin/../lib/gcc/arm-none-eabi/4.6.2\libgcc.a(_udivsi3.o) (__aeabi_idiv0)
c:/program files (x86)/yagarto/bin/../lib/gcc/arm-none-eabi/4.6.2\libgcc.a(_arm_muldivsf3.o)
                              PWMGenerator.o (__aeabi_fmul)
c:/program files (x86)/yagarto/bin/../lib/gcc/arm-none-eabi/4.6.2\libgcc.a(_arm_fixsfsi.o)
                              PWMGenerator.o (__aeabi_f2iz)

Memory Configuration

Name             Origin             Length             Attributes
SDRAM            0x40000440         0x000027fc         xw
*default*        0x00000000         0xffffffff

Linker script and memory map

LOAD c:/program files (x86)/yagarto/bin/../lib/gcc/arm-none-eabi/4.6.2/../../../../arm-none-eabi/lib\libc.a
LOAD c:/program files (x86)/yagarto/bin/../lib/gcc/arm-none-eabi/4.6.2\libgcc.a
LOAD PWMGenerator.o
START GROUP
LOAD c:/program files (x86)/yagarto/bin/../lib/gcc/arm-none-eabi/4.6.2\libgcc.a
LOAD c:/program files (x86)/yagarto/bin/../lib/gcc/arm-none-eabi/4.6.2/../../../../arm-none-eabi/lib\libc.a
END GROUP
                0x00000000                . = ALIGN (0x4)

.text           0x40000440      0xe58
 *(.text)
 .text          0x40000440      0x9ec PWMGenerator.o
                0x40000440                TimerIsr
                0x40000498                GpioIsr
                0x400005a4                Init
                0x4000078c                Deinit
                0x40000814                Query
                0x40000938                PwmStart
                0x40000a68                PwmStop
                0x40000aa0                PWMBlink
                0x40000b04                PWMUpdateFreq
                0x40000b9c                PWMUpdatePulse
                0x40000c48                PWMRun
                0x40000c90                QueryPWMStatus
                0x40000ce0                WDReset
                0x40000d6c                PPS_Interrupt
                0x40000db0                InitPPS
 .text          0x40000e2c      0x114 c:/program files (x86)/yagarto/bin/../lib/gcc/arm-none-eabi/4.6.2\libgcc.a(_udivsi3.o)
                0x40000e2c                __aeabi_uidiv
                0x40000e2c                __udivsi3
                0x40000f20                __aeabi_uidivmod
 .text          0x40000f40        0x4 c:/program files (x86)/yagarto/bin/../lib/gcc/arm-none-eabi/4.6.2\libgcc.a(_dvmd_tls.o)
                0x40000f40                __aeabi_idiv0
                0x40000f40                __aeabi_ldiv0
 .text          0x40000f44      0x2f8 c:/program files (x86)/yagarto/bin/../lib/gcc/arm-none-eabi/4.6.2\libgcc.a(_arm_muldivsf3.o)
                0x40000f44                __mulsf3
                0x40000f44                __aeabi_fmul
                0x400010dc                __aeabi_fdiv
                0x400010dc                __divsf3
 .text          0x4000123c       0x5c c:/program files (x86)/yagarto/bin/../lib/gcc/arm-none-eabi/4.6.2\libgcc.a(_arm_fixsfsi.o)
                0x4000123c                __aeabi_f2iz
                0x4000123c                __fixsfsi

.glue_7         0x40001298        0x0
 .glue_7        0x00000000        0x0 linker stubs

.glue_7t        0x40001298        0x0
 .glue_7t       0x00000000        0x0 linker stubs

.vfp11_veneer   0x40001298        0x0
 .vfp11_veneer  0x00000000        0x0 linker stubs

.v4_bx          0x40001298        0x0
 .v4_bx         0x00000000        0x0 linker stubs
                0x40001298                . = ALIGN (0x4)

.rodata
 *(.rodata)
                0x40001298                . = ALIGN (0x4)

.data           0x40001298        0x0
 *(.data)
 .data          0x40001298        0x0 PWMGenerator.o
 .data          0x40001298        0x0 c:/program files (x86)/yagarto/bin/../lib/gcc/arm-none-eabi/4.6.2\libgcc.a(_udivsi3.o)
 .data          0x40001298        0x0 c:/program files (x86)/yagarto/bin/../lib/gcc/arm-none-eabi/4.6.2\libgcc.a(_dvmd_tls.o)
 .data          0x40001298        0x0 c:/program files (x86)/yagarto/bin/../lib/gcc/arm-none-eabi/4.6.2\libgcc.a(_arm_muldivsf3.o)
 .data          0x40001298        0x0 c:/program files (x86)/yagarto/bin/../lib/gcc/arm-none-eabi/4.6.2\libgcc.a(_arm_fixsfsi.o)
                0x40001298                . = ALIGN (0x4)

.bss            0x40001298       0x14
                0x40001298                __bss_start__ = .
 *(.bss)
 .bss           0x40001298       0x14 PWMGenerator.o
                0x4000129c                IsrInstalled
                0x400012a0                Counters
                0x400012a8                MsSinceLastCall
 .bss           0x400012ac        0x0 c:/program files (x86)/yagarto/bin/../lib/gcc/arm-none-eabi/4.6.2\libgcc.a(_udivsi3.o)
 .bss           0x400012ac        0x0 c:/program files (x86)/yagarto/bin/../lib/gcc/arm-none-eabi/4.6.2\libgcc.a(_dvmd_tls.o)
 .bss           0x400012ac        0x0 c:/program files (x86)/yagarto/bin/../lib/gcc/arm-none-eabi/4.6.2\libgcc.a(_arm_muldivsf3.o)
 .bss           0x400012ac        0x0 c:/program files (x86)/yagarto/bin/../lib/gcc/arm-none-eabi/4.6.2\libgcc.a(_arm_fixsfsi.o)
                0x400012ac                __bss_end__ = .
                0x400012ac                end = .
OUTPUT(./Output/PWMGenerator.elf elf32-littlearm)

.comment        0x00000000       0x11
 .comment       0x00000000       0x11 PWMGenerator.o
                                 0x12 (size before relaxing)

.ARM.attributes
                0x00000000       0x32
 .ARM.attributes
                0x00000000       0x32 PWMGenerator.o
 .ARM.attributes
                0x00000032       0x1a c:/program files (x86)/yagarto/bin/../lib/gcc/arm-none-eabi/4.6.2\libgcc.a(_udivsi3.o)
 .ARM.attributes
                0x0000004c       0x18 c:/program files (x86)/yagarto/bin/../lib/gcc/arm-none-eabi/4.6.2\libgcc.a(_dvmd_tls.o)
 .ARM.attributes
                0x00000064       0x1a c:/program files (x86)/yagarto/bin/../lib/gcc/arm-none-eabi/4.6.2\libgcc.a(_arm_muldivsf3.o)
 .ARM.attributes
                0x0000007e       0x1a c:/program files (x86)/yagarto/bin/../lib/gcc/arm-none-eabi/4.6.2\libgcc.a(_arm_fixsfsi.o)

.debug_frame    0x00000000       0x20
 .debug_frame   0x00000000       0x20 c:/program files (x86)/yagarto/bin/../lib/gcc/arm-none-eabi/4.6.2\libgcc.a(_udivsi3.o)

.debug_line     0x00000000      0x2a6
 .debug_line    0x00000000       0x93 c:/program files (x86)/yagarto/bin/../lib/gcc/arm-none-eabi/4.6.2\libgcc.a(_udivsi3.o)
 .debug_line    0x00000093       0x6a c:/program files (x86)/yagarto/bin/../lib/gcc/arm-none-eabi/4.6.2\libgcc.a(_dvmd_tls.o)
 .debug_line    0x000000fd      0x12a c:/program files (x86)/yagarto/bin/../lib/gcc/arm-none-eabi/4.6.2\libgcc.a(_arm_muldivsf3.o)
 .debug_line    0x00000227       0x7f c:/program files (x86)/yagarto/bin/../lib/gcc/arm-none-eabi/4.6.2\libgcc.a(_arm_fixsfsi.o)

.debug_info     0x00000000      0x25e
 .debug_info    0x00000000       0x98 c:/program files (x86)/yagarto/bin/../lib/gcc/arm-none-eabi/4.6.2\libgcc.a(_udivsi3.o)
 .debug_info    0x00000098       0x98 c:/program files (x86)/yagarto/bin/../lib/gcc/arm-none-eabi/4.6.2\libgcc.a(_dvmd_tls.o)
 .debug_info    0x00000130       0x97 c:/program files (x86)/yagarto/bin/../lib/gcc/arm-none-eabi/4.6.2\libgcc.a(_arm_muldivsf3.o)
 .debug_info    0x000001c7       0x97 c:/program files (x86)/yagarto/bin/../lib/gcc/arm-none-eabi/4.6.2\libgcc.a(_arm_fixsfsi.o)

.debug_abbrev   0x00000000       0x50
 .debug_abbrev  0x00000000       0x14 c:/program files (x86)/yagarto/bin/../lib/gcc/arm-none-eabi/4.6.2\libgcc.a(_udivsi3.o)
 .debug_abbrev  0x00000014       0x14 c:/program files (x86)/yagarto/bin/../lib/gcc/arm-none-eabi/4.6.2\libgcc.a(_dvmd_tls.o)
 .debug_abbrev  0x00000028       0x14 c:/program files (x86)/yagarto/bin/../lib/gcc/arm-none-eabi/4.6.2\libgcc.a(_arm_muldivsf3.o)
 .debug_abbrev  0x0000003c       0x14 c:/program files (x86)/yagarto/bin/../lib/gcc/arm-none-eabi/4.6.2\libgcc.a(_arm_fixsfsi.o)

.debug_aranges  0x00000000       0x80
 .debug_aranges
                0x00000000       0x20 c:/program files (x86)/yagarto/bin/../lib/gcc/arm-none-eabi/4.6.2\libgcc.a(_udivsi3.o)
 .debug_aranges
                0x00000020       0x20 c:/program files (x86)/yagarto/bin/../lib/gcc/arm-none-eabi/4.6.2\libgcc.a(_dvmd_tls.o)
 .debug_aranges
                0x00000040       0x20 c:/program files (x86)/yagarto/bin/../lib/gcc/arm-none-eabi/4.6.2\libgcc.a(_arm_muldivsf3.o)
 .debug_aranges
                0x00000060       0x20 c:/program files (x86)/yagarto/bin/../lib/gcc/arm-none-eabi/4.6.2\libgcc.a(_arm_fixsfsi.o)
